[INFO] Scanning for projects...
[WARNING] 
[WARNING] Some problems were encountered while building the effective model for com.fitnesstracker:fitness-tracker:jar:0.0.1-SNAPSHOT
[WARNING] 'dependencies.dependency.(groupId:artifactId:type:classifier)' must be unique: com.h2database:h2:jar -> duplicate declaration of version (?) @ line 68, column 15
[WARNING] 
[WARNING] It is highly recommended to fix these problems because they threaten the stability of your build.
[WARNING] 
[WARNING] For this reason, future Maven versions might no longer support building such malformed projects.
[WARNING] 
[INFO] 
[INFO] -----------------< com.fitnesstracker:fitness-tracker >-----------------
[INFO] Building  0.0.1-SNAPSHOT
[INFO]   from pom.xml
[INFO] --------------------------------[ jar ]---------------------------------
[INFO] 
[INFO] >>> spring-boot:4.1.1:run (default-cli) > test-compile @ fitness-tracker >>>
[INFO] 
[INFO] --- resources:3.5.0:resources (default-resources) @ fitness-tracker ---
[INFO] Copying 1 resource from src\main\resources to target\classes
[INFO] Copying 12 resources from src\main\resources to target\classes
[INFO] 
[INFO] --- compiler:3.15.0:compile (default-compile) @ fitness-tracker ---
[INFO] Nothing to compile - all classes are up to date.
[INFO] 
[INFO] --- resources:3.5.0:testResources (default-testResources) @ fitness-tracker ---
[INFO] Copying 1 resource from src\test\resources to target\test-classes
[INFO] 
[INFO] --- compiler:3.15.0:testCompile (default-testCompile) @ fitness-tracker ---
[INFO] Nothing to compile - all classes are up to date.
[INFO] 
[INFO] <<< spring-boot:4.1.1:run (default-cli) < test-compile @ fitness-tracker <<<
[INFO] 
[INFO] 
[INFO] --- spring-boot:4.1.1:run (default-cli) @ fitness-tracker ---
[INFO] Attaching agents: []

  .   ____          _            __ _ _
 /\\ / ___'_ __ _ _(_)_ __  __ _ \ \ \ \
( ( )\___ | '_ | '_| | '_ \/ _` | \ \ \ \
 \\/  ___)| |_)| | | | | || (_| |  ) ) ) )
  '  |____| .__|_| |_|_| |_\__, | / / / /
 =========|_|==============|___/=/_/_/_/

 :: Spring Boot ::                (v4.1.1)

2026-09-16T20:57:37.558+05:30  INFO 12532 --- [fitness-tracker] [           main] c.f.FitnessTrackerApplication            : Starting FitnessTrackerApplication using Java 24 with PID 12532 (C:\Users\ishhh\Downloads\fitness-tracker\fitness-tracker\target\classes started by ishhh in C:\Users\ishhh\Downloads\fitness-tracker\fitness-tracker)
2026-09-16T20:57:37.562+05:30  INFO 12532 --- [fitness-tracker] [           main] c.f.FitnessTrackerApplication            : No active profile set, falling back to 1 default profile: "default"
2026-09-16T20:57:38.414+05:30  INFO 12532 --- [fitness-tracker] [           main] .s.d.r.c.RepositoryConfigurationDelegate : Bootstrapping Spring Data JPA repositories in DEFAULT mode.
2026-09-16T20:57:38.490+05:30  INFO 12532 --- [fitness-tracker] [           main] .s.d.r.c.RepositoryConfigurationDelegate : Finished Spring Data repository scanning in 67 ms. Found 3 JPA repository interfaces.
2026-09-16T20:57:39.148+05:30  INFO 12532 --- [fitness-tracker] [           main] o.s.boot.tomcat.TomcatWebServer          : Tomcat initialized with port 8080 (http)
2026-09-16T20:57:39.165+05:30  INFO 12532 --- [fitness-tracker] [           main] o.apache.catalina.core.StandardService   : Starting service [Tomcat]
2026-09-16T20:57:39.165+05:30  INFO 12532 --- [fitness-tracker] [           main] o.apache.catalina.core.StandardEngine    : Starting Servlet engine: [Apache Tomcat/11.0.24]
2026-09-16T20:57:39.233+05:30  INFO 12532 --- [fitness-tracker] [           main] b.w.c.s.WebApplicationContextInitializer : Root WebApplicationContext: initialization completed in 1604 ms
2026-09-16T20:57:39.550+05:30  INFO 12532 --- [fitness-tracker] [           main] org.hibernate.orm.jpa                    : HHH008540: Processing PersistenceUnitInfo [name: default]
2026-09-16T20:57:39.615+05:30  INFO 12532 --- [fitness-tracker] [           main] org.hibernate.orm.core                   : HHH000001: Hibernate ORM core version 7.4.5.Final
2026-09-16T20:57:40.172+05:30  INFO 12532 --- [fitness-tracker] [           main] o.s.o.j.p.SpringPersistenceUnitInfo      : No LoadTimeWeaver setup: ignoring JPA class transformer
2026-09-16T20:57:40.210+05:30  INFO 12532 --- [fitness-tracker] [           main] com.zaxxer.hikari.HikariDataSource       : HikariPool-1 - Starting...
2026-09-16T20:57:40.428+05:30  INFO 12532 --- [fitness-tracker] [           main] com.zaxxer.hikari.pool.HikariPool        : HikariPool-1 - Added connection conn0: url=jdbc:h2:mem:testdb user=SA
2026-09-16T20:57:40.429+05:30  INFO 12532 --- [fitness-tracker] [           main] com.zaxxer.hikari.HikariDataSource       : HikariPool-1 - Start completed.
2026-09-16T20:57:40.456+05:30  WARN 12532 --- [fitness-tracker] [           main] org.hibernate.orm.deprecation            : HHH90000025: H2Dialect does not need to be specified explicitly using 'hibernate.dialect' (remove the property setting and it will be selected by default)
2026-09-16T20:57:40.485+05:30  INFO 12532 --- [fitness-tracker] [           main] org.hibernate.orm.connections.pooling    : HHH10001005: Database info:
	Database JDBC URL [jdbc:h2:mem:testdb]
	Database driver: H2 JDBC Driver
	Database dialect: H2Dialect
	Database version: 2.4.240
	Default catalog/schema: TESTDB/PUBLIC
	Autocommit mode: undefined/unknown
	Isolation level: READ_COMMITTED [default READ_COMMITTED]
	JDBC fetch size: 100
	Pool: DataSourceConnectionProvider
	Minimum pool size: undefined/unknown
	Maximum pool size: undefined/unknown
2026-09-16T20:57:41.665+05:30  INFO 12532 --- [fitness-tracker] [           main] org.hibernate.orm.core                   : HHH000489: No JTA platform available (set 'hibernate.transaction.jta.platform' to enable JTA platform integration)
Hibernate: 
    drop table if exists activities cascade 
Hibernate: 
    drop table if exists goals cascade 
Hibernate: 
    drop table if exists users cascade 
Hibernate: 
    create table activities (
        activity_date date not null,
        calories_burned integer not null check ((calories_burned<=10000) and (calories_burned>=0)),
        distance_km numeric(10,2) not null,
        duration_minutes integer not null check ((duration_minutes<=1440) and (duration_minutes>=0)),
        created_at timestamp(6) not null,
        id bigint generated by default as identity,
        user_id bigint not null,
        notes varchar(1000),
        activity_type enum ('CYCLING','OTHER','RUNNING','STRENGTH','SWIMMING','WALKING') not null,
        primary key (id)
    )
Hibernate: 
    create table goals (
        current_value numeric(10,2) not null,
        deadline date not null,
        target_value numeric(10,2) not null,
        created_at timestamp(6) not null,
        id bigint generated by default as identity,
        updated_at timestamp(6) not null,
        user_id bigint not null,
        unit varchar(50),
        title varchar(200) not null,
        goal_type enum ('CALORIES','CUSTOM','DISTANCE','DURATION','WEIGHT','WORKOUT_FREQUENCY') not null,
        status enum ('ACTIVE','CANCELLED','COMPLETED','PAUSED') not null,
        primary key (id)
    )
Hibernate: 
    create table users (
        created_at timestamp(6) not null,
        id bigint generated by default as identity,
        updated_at timestamp(6) not null,
        name varchar(100) not null,
        email varchar(255) not null unique,
        password varchar(255) not null,
        primary key (id)
    )
Hibernate: 
    alter table if exists activities 
       add constraint FKq6cjukylkgxdjkm9npk9va2f2 
       foreign key (user_id) 
       references users
Hibernate: 
    alter table if exists goals 
       add constraint FKb1mp6ulyqkpcw6bc1a2mr7v1g 
       foreign key (user_id) 
       references users
2026-09-16T20:57:41.744+05:30  INFO 12532 --- [fitness-tracker] [           main] j.LocalContainerEntityManagerFactoryBean : Initialized JPA EntityManagerFactory for persistence unit 'default'
2026-09-16T20:57:41.830+05:30  INFO 12532 --- [fitness-tracker] [           main] o.s.d.j.r.query.QueryEnhancerFactories   : Hibernate is in classpath; If applicable, HQL parser will be used.
2026-09-16T20:57:42.768+05:30  WARN 12532 --- [fitness-tracker] [           main] JpaBaseConfiguration$JpaWebConfiguration : spring.jpa.open-in-view is enabled by default. Therefore, database queries may be performed during view rendering. Explicitly configure spring.jpa.open-in-view to disable this warning
2026-09-16T20:57:42.866+05:30  INFO 12532 --- [fitness-tracker] [           main] r$InitializeUserDetailsManagerConfigurer : Global AuthenticationManager configured with UserDetailsService bean with name customUserDetailsService
2026-09-16T20:57:43.470+05:30  INFO 12532 --- [fitness-tracker] [           main] o.s.boot.tomcat.TomcatWebServer          : Tomcat started on port 8080 (http) with context path '/'
2026-09-16T20:57:43.481+05:30  INFO 12532 --- [fitness-tracker] [           main] c.f.FitnessTrackerApplication            : Started FitnessTrackerApplication in 6.525 seconds (process running for 7.0)
2026-09-16T20:57:57.868+05:30  INFO 12532 --- [fitness-tracker] [nio-8080-exec-2] o.a.c.c.C.[Tomcat].[localhost].[/]       : Initializing Spring DispatcherServlet 'dispatcherServlet'
2026-09-16T20:57:57.868+05:30  INFO 12532 --- [fitness-tracker] [nio-8080-exec-2] o.s.web.servlet.DispatcherServlet        : Initializing Servlet 'dispatcherServlet'
2026-09-16T20:57:57.872+05:30  INFO 12532 --- [fitness-tracker] [nio-8080-exec-2] o.s.web.servlet.DispatcherServlet        : Completed initialization in 2 ms
